[index-2.html]
[backblue.gif]
[fade.gif]
[index.html]
[uploads/GlWKjXGJ/9317059_m.jpg]
[assets/css/grids4886.css]
[assets/css/hcaptcha4886.css]
[assets/css/style4886.css]
[assets/css/external-libs4886.css]
[assets/css/ii/iframeStyle4886.css]
[uploads/elVSa6KM/fondo-ondas__msi___png.png]
[uploads/Cs9jjHXm/117945696_m_normal_none.jpg]
[uploads/sKTgrcZM/22curvas31__msi___png.png]
[uploads/P4zWUDCO/fondo6__msi___png.png]
[uploads/vcS0bfb8/punto_10tram__msi___png.png]
[uploads/Gx4nUGNF/177881359_presentation.jpg]
[uploads/Z6MQmvyB/Text--Image-006.jpg]
[index1556.html]
[uploads/j3TgLttu/logo-removebg-preview1.png]
[piscinas.html]
[limpieza1.html]
[conserjeria1.html]
[jardineria1.html]
[facility-services.html]
[contacto.html]
[gracias.html]
[aviso-legal.html]
[politica-de-privacidad.html]
[politica-de-cookies.html]
[indexf348.html]
[index1d1e.html]
[uploads/p1gf4ScC/148159051_presentation_52.jpg]
[index0bb1.html]
[uploads/ArsA5cND/150212654_l1.jpg]
[indexa9a6.html]
[uploads/cwM2qAMh/conserjer.jpg]
[indexd62e.html]
[uploads/bNmsY3Tn/186973476_presentation_172_862_975.jpg]
[index9a8e.html]
[indexd0ca.html]
[index9e5e.html]
[uploads/UtyrJH3w/kit-digital-Logo-digitalizadores.jpg]
[assets/js/loader-polyfills4886.js]
[index-2.html]
[assets/js/loader4886.js]
[assets/css/fonts/fa-brands-400.woff2]
[assets/css/fonts/fa-regular-400.woff2]
[assets/css/fonts/fa-solid-900.woff2]
[assets/css/fonts/fa-v4compatibility.woff2]
[assets/css/fonts/fa-brands-400.ttf]
[assets/css/fonts/fa-regular-400.ttf]
[assets/css/grids4886.css]
[assets/css/fonts/fa-v4compatibility.ttf]
[assets/css/fonts/fa-solid-900.ttf]
[assets/css/img/hcaptcha-badge-tool.png]
[assets/css/hcaptcha4886.css]
[assets/css/fonts/fontello.eot]
[assets/css/fonts/fontellod41d.eot]
[assets/css/fonts/fontello.woff]
[assets/css/fonts/fontello.ttf]
[assets/css/fonts/nationale-demibold-webfont.eot]
[assets/css/fonts/nationale-demibold-webfontd41d.eot]
[assets/css/fonts/nationale-demibold-webfont.woff]
[assets/css/fonts/nationale-demibold-webfont.ttf]
[assets/css/fonts/nationale-extrabold-webfont.eot]
[assets/css/fonts/nationale-extrabold-webfontd41d.eot]
[assets/css/fonts/nationale-extrabold-webfont.woff]
[assets/css/fonts/nationale-extrabold-webfont.woff2]
[assets/css/fonts/nationale-extrabold-webfont.ttf]
[assets/css/fonts/nationale-regular-webfont.eot]
[assets/css/fonts/nationale-regular-webfontd41d.eot]
[assets/css/fonts/nationale-regular-webfont.woff]
[assets/css/fonts/nationale-regular-webfont.ttf]
[assets/css/img/loading-2x.png]
[assets/css/img/loading.png]
[assets/css/img/defaultImgPlaceholder.png]
[tactile/omnibox/reveal-entity-icons-20131112.png]
[assets/css/img/hcaptcha.png]
[assets/css/style4886.css]
[assets/css/images/layers.png]
[assets/css/images/layers-2x.png]
[assets/css/images/marker-icon.png]
[assets/css/images/geocoder.png]
[assets/css/images/throbber.gif]
[assets/css/external-libs4886.css]
[assets/css/ii/iframeStyle4886.css]
[uploads/TQWVwISz/196167755_m_normal_none.jpg]
[uploads/g9wROaDg/18115308_m_normal_none.jpg]
[uploads/OaM9MRCv/163810595_m_normal_none.jpg]
[uploads/1vNRDwDX/99275545_presentation.jpg]
[indexb08e.html]
[uploads/zFM81HY7/186973476_presentation_172_862_815.jpg]
[index911f.html]
[uploads/GikUgn6T/65689025_presentation.jpg]
[indexe271.html]
[index1556.html]
[uploads/Y9hkZDsY/Aguapiscina.jpg]
[uploads/XVxEwwEs/Diseosinttulo95.png]
[index1adb.html]
[uploads/T4eQtbxO/Diseosinttulo-2023-10-03T192919.389_118__msi___png.png]
[uploads/FgiR0DSg/177881359_presentation_843.jpg]
[uploads/PobPdAy0/148159051_presentation_278.jpg]
[uploads/Wwk0AcBw/196960007_l_normal_none_507.jpg]
[uploads/HlF2fK1b/163810595_m_normal_none_691.jpg]
[uploads/EM61Kooe/1643911485229__msi___jpg.jpg]
[uploads/kdASQ8Et/1643911485296__msi___jpg.jpg]
[uploads/ZBj6ZR77/IMG_20210513_180206__msi___jpg.jpg]
[uploads/mstpeAyu/PINTURA-PISCINA__msi___jpg.jpg]
[uploads/q3aBaLHD/IMG_20210513_183213__msi___jpg.jpg]
[uploads/y8H2SlZQ/IMG_20220601_183949__msi___jpg.jpg]
[uploads/VnBgdzT6/1643911485334__msi___jpg.jpg]
[uploads/VHLIvqNG/1643911485348__msi___jpg.jpg]
[uploads/lHWDkzEa/IMG_20200604_201353__msi___jpg.jpg]
[uploads/D9gQbYWW/1643911485246__msi___jpg.jpg]
[uploads/o7N2GnQp/IMG_20200623_184255__msi___jpg.jpg]
[uploads/toyIlq3O/IMG_20230310_153508__msi___jpg.jpg]
[uploads/5M3aKppq/Diseosinttulo-2023-10-03T193226.412__msi___png.png]
[uploads/AM4wUITg/Diseosinttulo-2023-06-01T130705.149.png]
[uploads/R8wnWJOn/Diseosinttulo100.png]
[piscinas.html]
[uploads/Pap2O0IN/150212654_l1_51.jpg]
[uploads/oPEsieE1/122066148_presentation.jpg]
[limpieza1.html]
[uploads/27EGNd2I/68827067_presentation.jpg]
[conserjeria1.html]
[uploads/wakiRpqz/jardinera.jpg]
[uploads/31xIrs2u/verdeplanta.jpg]
[uploads/dlObN7eK/cespedart__msi___png.png]
[uploads/HilXc3ZT/174647361_presentation_347.jpg]
[uploads/NH6W0XjE/jardinera2.jpg]
[uploads/RrXqcA3N/IMG_20170509_175907__msi___jpg.jpg]
[uploads/3X6WGFXF/IMG_20160518_194246__msi___jpg.jpg]
[uploads/6sppcz4h/IMG_20160324_103250__msi___jpg.jpg]
[uploads/a0OLRDmr/IMG_20161123_123545__msi___jpg.jpg]
[uploads/TchLjBZy/IMG_20170211_103954__msi___jpg.jpg]
[uploads/9NrCwFOv/IMG_20160320_WA0000__msi___jpg.jpg]
[uploads/ztytmvHl/IMG_20170211_111822-compressor__msi___jpg.jpg]
[uploads/HfrMCLRV/IMG_20160204_141539__msi___jpg.jpg]
[uploads/cVpRDI4G/IMG_20170120_100830__msi___jpg.jpg]
[uploads/Yi01Dpwz/1448289408470__msi___jpg.jpg]
[uploads/RPTd7Hkz/images__msi___jpg.jpg]
[uploads/T6EJu0Qh/IMG_20190703_135636__msi___jpg.jpg]
[uploads/8kFbWjjJ/cespedartifi__msi___png.png]
[uploads/YBa1836X/cespedartificial__msi___png.png]
[uploads/dfoet57l/cespedartificial__msi___png.png]
[jardineria1.html]
[uploads/BGHshquA/17791203_l_normal_none__msi___jpg.jpg]
[uploads/0XO2QmpS/120393884_l_normal_none__msi___jpg.jpg]
[uploads/Rx4Ixr6B/57027074_l_normal_none__msi___jpg.jpg]
[facility-services.html]
[uploads/AGgWFrl6/zigza__msi___png.png]
[contacto.html]
[gracias.html]
[aviso-legal.html]
[politica-de-privacidad.html]
[politica-de-cookies.html]
[indexf348.html]
[index1d1e.html]
[index0bb1.html]
[indexa9a6.html]
[indexd62e.html]
[index9a8e.html]
[indexd0ca.html]
[index9e5e.html]
[assets/css/img/hcaptcha-badge.svg]
[assets/css/fonts/fontello.svg]
[assets/css/fonts/nationale-demibold-webfont.svg]
[assets/css/fonts/nationale-extrabold-webfont.svg]
[assets/css/fonts/nationale-regular-webfont.svg]
[assets/css/icons/accordd.svg]
[assets/css/icons/ad.svg]
[assets/css/icons/ae.svg]
[assets/css/icons/af.svg]
[assets/css/icons/ag.svg]
[assets/css/icons/ai.svg]
[assets/css/icons/al.svg]
[assets/css/icons/am.svg]
[assets/css/icons/americanexpress.svg]
[assets/css/icons/ao.svg]
[assets/css/icons/aq.svg]
[assets/css/icons/ar.svg]
[assets/css/icons/as.svg]
[assets/css/icons/at.svg]
[assets/css/icons/au.svg]
[assets/css/icons/aw.svg]
[assets/css/icons/ax.svg]
[assets/css/icons/az.svg]
[assets/css/icons/ba.svg]
[assets/css/icons/bb.svg]
[assets/css/icons/bd.svg]
[assets/css/icons/be.svg]
[assets/css/icons/bf.svg]
[assets/css/icons/bg.svg]
[assets/css/icons/bh.svg]
[assets/css/icons/bi.svg]
[assets/css/icons/bj.svg]
[assets/css/icons/bl.svg]
[assets/css/icons/bm.svg]
[assets/css/icons/bn.svg]
[assets/css/icons/bo.svg]
[assets/css/icons/bq.svg]
[assets/css/icons/br.svg]
[assets/css/icons/bs.svg]
[assets/css/icons/bt.svg]
[assets/css/icons/bv.svg]
[assets/css/icons/bw.svg]
[assets/css/icons/by.svg]
[assets/css/icons/bz.svg]
[assets/css/icons/ca.svg]
[assets/css/icons/cash.svg]
[assets/css/icons/cc.svg]
[assets/css/icons/cd.svg]
[assets/css/icons/cf.svg]
[assets/css/icons/cg.svg]
[assets/css/icons/ch.svg]
[assets/css/icons/cheque.svg]
[assets/css/icons/ci.svg]
[assets/css/icons/ck.svg]
[assets/css/icons/cl.svg]
[assets/css/icons/cm.svg]
[assets/css/icons/cn.svg]
[assets/css/icons/co.svg]
[assets/css/icons/cr.svg]
[assets/css/icons/cu.svg]
[assets/css/icons/cv.svg]
[assets/css/icons/cw.svg]
[assets/css/icons/cx.svg]
[assets/css/icons/cy.svg]
[assets/css/icons/cz.svg]
[assets/css/icons/de.svg]
[assets/css/icons/dinersclub.svg]
[assets/css/icons/6.1cb.delayed]
[assets/css/icons/discover.svg]
[assets/css/icons/dj.svg]
[assets/css/icons/dk.svg]
[assets/css/icons/dm.svg]
[assets/css/icons/do.svg]
[assets/css/icons/dz.svg]
[assets/css/icons/ec.svg]
[assets/css/icons/ee.svg]
[assets/css/icons/eg.svg]
[assets/css/icons/eh.svg]
[assets/css/icons/emailtransfer.svg]
[assets/css/icons/er.svg]
[assets/css/icons/es.svg]
[assets/css/icons/es-ct.svg]
[assets/css/icons/es-ga.svg]
[assets/css/icons/es-pv.svg]
[assets/css/icons/et.svg]
[assets/css/icons/eu.svg]
[assets/css/icons/fi.svg]
[assets/css/icons/fj.svg]
[assets/css/icons/fk.svg]
[assets/css/icons/fm.svg]
[assets/css/icons/fo.svg]
[assets/css/icons/fr-cash.svg]
[assets/css/icons/fr-cheque.svg]
[assets/css/icons/fr-emailtransfer.svg]
[assets/css/icons/fr-giftcard.svg]
[assets/css/icons/fr-interac.svg]
[assets/css/icons/fr-interacetransfer.svg]
[assets/css/icons/fr-travelerscheque.svg]
[assets/css/icons/fr.svg]
[assets/css/icons/ga.svg]
[assets/css/icons/gb-eng.svg]
[assets/css/icons/gb-nir.svg]
[assets/css/icons/gb-sct.svg]
[assets/css/icons/gb-wls.svg]
[assets/css/icons/gb.svg]
[assets/css/icons/gd.svg]
[assets/css/icons/ge.svg]
[assets/css/icons/gf.svg]
[assets/css/icons/gg.svg]
[assets/css/icons/gh.svg]
[assets/css/icons/gi.svg]
[assets/css/icons/giftcard.svg]
[assets/css/icons/gl.svg]
[assets/css/icons/gm.svg]
[assets/css/icons/gn.svg]
[assets/css/icons/gp.svg]
[assets/css/icons/gq.svg]
[assets/css/icons/gr.svg]
[assets/css/icons/gs.svg]
[assets/css/icons/gt.svg]
[assets/css/icons/gu.svg]
[assets/css/icons/gw.svg]
[assets/css/icons/gy.svg]
[assets/css/icons/hk.svg]
[assets/css/icons/hm.svg]
[assets/css/icons/hn.svg]
[assets/css/icons/hr.svg]
[assets/css/icons/ht.svg]
[assets/css/icons/hu.svg]
[assets/css/icons/id.svg]
[assets/css/icons/ie.svg]
[assets/css/icons/il.svg]
[assets/css/icons/im.svg]
[assets/css/icons/in.svg]
[assets/css/icons/interac.svg]
[assets/css/icons/interacetransfer.svg]
[assets/css/icons/io.svg]
[assets/css/icons/iq.svg]
[assets/css/icons/ir.svg]
[assets/css/icons/is.svg]
[assets/css/icons/it.svg]
[assets/css/icons/je.svg]
[assets/css/icons/jm.svg]
[assets/css/icons/jo.svg]
[assets/css/icons/jp.svg]
[assets/css/icons/ke.svg]
[assets/css/icons/kg.svg]
[assets/css/icons/kh.svg]
[assets/css/icons/ki.svg]
[assets/css/icons/klarna.svg]
[assets/css/icons/km.svg]
[assets/css/icons/kn.svg]
[assets/css/icons/kp.svg]
[assets/css/icons/kr.svg]
[assets/css/icons/kw.svg]
[assets/css/icons/ky.svg]
[assets/css/icons/kz.svg]
[assets/css/icons/la.svg]
[assets/css/icons/lb.svg]
[assets/css/icons/lc.svg]
[assets/css/icons/li.svg]
[assets/css/icons/lk.svg]
[assets/css/icons/lr.svg]
[assets/css/icons/ls.svg]
[assets/css/icons/lt.svg]
[assets/css/icons/lu.svg]
[assets/css/icons/lv.svg]
[assets/css/icons/ly.svg]
[assets/css/icons/ma.svg]
[assets/css/icons/mastercard.svg]
[assets/css/icons/maestro.svg]
[assets/css/icons/mc.svg]
[assets/css/icons/md.svg]
[assets/css/icons/me.svg]
[assets/css/icons/mf.svg]
[assets/css/icons/mg.svg]
[assets/css/icons/mh.svg]
[assets/css/icons/mk.svg]
[assets/css/icons/ml.svg]
[assets/css/icons/mm.svg]
[assets/css/icons/mn.svg]
[assets/css/icons/mo.svg]
[assets/css/icons/mp.svg]
[assets/css/icons/mq.svg]
[assets/css/icons/mr.svg]
[assets/css/icons/ms.svg]
[assets/css/icons/mt.svg]
[assets/css/icons/mu.svg]
[assets/css/icons/mv.svg]
[assets/css/icons/mw.svg]
[assets/css/icons/mx.svg]
[assets/css/icons/my.svg]
[assets/css/icons/mz.svg]
[assets/css/icons/na.svg]
[assets/css/icons/nc.svg]
[assets/css/icons/ne.svg]
[assets/css/icons/nf.svg]
[assets/css/icons/ng.svg]
[assets/css/icons/ni.svg]
[assets/css/icons/nl.svg]
[assets/css/icons/no.svg]
[assets/css/icons/np.svg]
[assets/css/icons/nr.svg]
[assets/css/icons/nu.svg]
[assets/css/icons/nz.svg]
[assets/css/icons/om.svg]
[assets/css/icons/pa.svg]
[assets/css/icons/papal.svg]
[assets/css/icons/paypal.svg]
[assets/css/icons/pe.svg]
[assets/css/icons/pf.svg]
[assets/css/icons/pg.svg]
[assets/css/icons/ph.svg]
[assets/css/icons/pk.svg]
[assets/css/icons/pl.svg]
[assets/css/icons/postfinance.svg]
[assets/css/icons/pm.svg]
[assets/css/icons/pn.svg]
[assets/css/icons/pr.svg]
[assets/css/icons/ps.svg]
[assets/css/icons/pt.svg]
[assets/css/icons/pw.svg]
[assets/css/icons/py.svg]
[assets/css/icons/qa.svg]
[assets/css/icons/re.svg]
[assets/css/icons/ro.svg]
[assets/css/icons/rs.svg]
[assets/css/icons/ru.svg]
[assets/css/icons/rw.svg]
[assets/css/icons/sa.svg]
[assets/css/icons/sb.svg]
[assets/css/icons/sc.svg]
[assets/css/icons/sd.svg]
[assets/css/icons/se.svg]
[assets/css/icons/sg.svg]
[assets/css/icons/sh.svg]
[assets/css/icons/si.svg]
[assets/css/icons/sj.svg]
[assets/css/icons/sk.svg]
[assets/css/icons/sl.svg]
[assets/css/icons/sm.svg]
[assets/css/icons/sn.svg]
[assets/css/icons/so.svg]
[assets/css/icons/sr.svg]
[assets/css/icons/ss.svg]
[assets/css/icons/st.svg]
[assets/css/icons/sv.svg]
[assets/css/icons/sx.svg]
[assets/css/icons/sy.svg]
[assets/css/icons/sz.svg]
[assets/css/icons/tc.svg]
[assets/css/icons/td.svg]
[assets/css/icons/tf.svg]
[assets/css/icons/tg.svg]
[assets/css/icons/th.svg]
[assets/css/icons/tj.svg]
[assets/css/icons/tk.svg]
[assets/css/icons/tl.svg]
[assets/css/icons/tm.svg]
[assets/css/icons/tn.svg]
[assets/css/icons/to.svg]
[assets/css/icons/tr.svg]
[assets/css/icons/travelerscheque.svg]
[assets/css/icons/tt.svg]
[assets/css/icons/tv.svg]
[assets/css/icons/tw.svg]
[assets/css/icons/tz.svg]
[assets/css/icons/ua.svg]
[assets/css/icons/ug.svg]
[assets/css/icons/um.svg]
[assets/css/icons/un.svg]
[assets/css/icons/us.svg]
[assets/css/icons/uy.svg]
[assets/css/icons/uz.svg]
[assets/css/icons/va.svg]
[assets/css/icons/vc.svg]
[assets/css/icons/ve.svg]
[assets/css/icons/vg.svg]
[assets/css/icons/vi.svg]
[assets/css/icons/visa.svg]
[assets/css/icons/vn.svg]
[assets/css/icons/vu.svg]
[assets/css/icons/wf.svg]
[assets/css/icons/ws.svg]
[assets/css/icons/ye.svg]
[assets/css/icons/yt.svg]
[assets/css/icons/za.svg]
[assets/css/icons/zm.svg]
[assets/css/icons/zw.svg]
[assets/css/icons/bancontact.svg]
[assets/css/icons/cashicon.svg]
[assets/css/icons/ecocheques.svg]
[assets/css/icons/ticketrestaurant.svg]
[assets/css/icons/visaelectron.svg]
[assets/css/icons/facturatie.svg]
[assets/css/icons/edenred.svg]
[assets/css/icons/eurosymbolblack.svg]
[assets/css/icons/sodexo.svg]
[assets/css/icons/mobilepay.svg]
[assets/css/icons/twint.svg]
[assets/css/icons/vpay.svg]
[assets/css/icons/vipps.svg]
[assets/css/images/layers.html]
[assets/css/images/layers-2x.html]
[assets/css/images/geocoder.html]
[assets/css/images/throbber.html]
[indexb08e.html]
[index911f.html]
[indexe271.html]
[index1adb.html]
[uploads/6sppcz4h/IMG_20160324_103250__msi___jpg.jpg]
[uploads/2y8zu9NW/12092141_l_normal_none.jpg]
[uploads/toyIlq3O/IMG_20230310_153508__msi___jpg.jpg]
[uploads/31xIrs2u/verdeplanta.jpg]
[uploads/BvxzA8sN/cespedartificial__msi___png.png]
[assets/css/icons/6.html]
[uploads/2y8zu9NW/12092141_l_normal_none.jpg]
[uploads/31xIrs2u/verdeplanta.jpg]
[uploads/toyIlq3O/IMG_20230310_153508__msi___jpg.jpg]
[uploads/6sppcz4h/IMG_20160324_103250__msi___jpg.jpg]
